// Jest Snapshot v1, https://goo.gl/fbAQLP

exports[`grant when valid grant command should print request response 1`] = `
[
  [
    "a message",
  ],
]
`;
